
> thecore-intranet@0.1.0 build
> next build

⚠ Warning: Next.js inferred your workspace root, but it may not be correct.
 We detected multiple lockfiles and selected the directory of D:\proyectos\package-lock.json as the root directory.
 To silence this warning, set `turbopack.root` in your Next.js config, or consider removing one of the lockfiles if it's not needed.
   See https://nextjs.org/docs/app/api-reference/config/next-config-js/turbopack#root-directory for more information.
 Detected additional lockfiles: 
   * D:\proyectos\testeo\apps\intranet\package-lock.json
   * D:\proyectos\testeo\package-lock.json

▲ Next.js 16.1.6 (Turbopack)
- Environments: .env.local, .env
⚠ The "middleware" file convention is deprecated. Please use "proxy" instead. Learn more: https://nextjs.org/docs/messages/middleware-to-proxy

  Creating an optimized production build ...
✓ Compiled successfully in 18.5s
  Running TypeScript ...
  Collecting page data using 7 workers ...
  Generating static pages using 7 workers (0/22) ...
  Generating static pages using 7 workers (5/22) 
  Generating static pages using 7 workers (10/22) 
  Generating static pages using 7 workers (16/22) 
✓ Generating static pages using 7 workers (22/22) in 574.4ms
  Finalizing page optimization ...

Route (app)
┌ ƒ /
├ ƒ /_not-found
├ ƒ /api/admin/invite-user
├ ƒ /api/ai/chat
├ ƒ /api/brains/[brainId]
├ ƒ /api/catalog/upload-image
├ ƒ /api/chat
├ ƒ /api/debug/list-models
├ ƒ /api/product-types/[typeId]/fields
├ ƒ /intranet
├ ƒ /intranet/agency/[id]
├ ƒ /intranet/agency/[id]/ag_team
├ ƒ /intranet/agency/[id]/ag_tools
├ ƒ /intranet/agency/[id]/ag_tools/catalog
├ ƒ /intranet/agency/[id]/ag_tools/catalogia
├ ƒ /intranet/agency/[id]/profile
├ ƒ /intranet/agency/[id]/registered-travelers
├ ƒ /intranet/auth/activate
├ ƒ /intranet/login
├ ƒ /intranet/logout
├ ƒ /intranet/thecore
├ ƒ /intranet/thecore/catalog
├ ƒ /intranet/thecore/globalteam
├ ƒ /intranet/thecore/globaltravelers
├ ƒ /intranet/thecore/setting
├ ƒ /intranet/thecore/setting/agencias
├ ƒ /intranet/thecore/setting/amenities
├ ƒ /intranet/thecore/setting/brain
├ ƒ /intranet/thecore/setting/menues
└ ƒ /intranet/thecore/setting/productos


ƒ Proxy (Middleware)

ƒ  (Dynamic)  server-rendered on demand

npm notice
npm notice New minor version of npm available! 11.7.0 -> 11.11.1
npm notice Changelog: https://github.com/npm/cli/releases/tag/v11.11.1
npm notice To update run: npm install -g npm@11.11.1
npm notice
